afghanistan:ISO2=AF:ISO3=AFG:name=The Islamic Republi of Afghanistan
åland:ISO2=AX:ISO3=ALA:name=Åland
åland islands:ISO2=AX:ISO3=ALA:name=Åland
aland:ISO2=AX:ISO3=ALA:name=Åland
aland islands:ISO2=AX:ISO3=ALA:name=Åland
albania:ISO2=AL:ISO3=ALB:name=The Republic of Albania
algeria:ISO2=DZ:ISO3=DZA:name=The People's Democratic Republic of Algeria
america:ISO2=US:ISO3=USA:name=The United States of America
american samoa:ISO2=AS:ISO3=ASM:name=The Territory of American Samoa
andorra:ISO2=AD:ISO3=AND:name=The Principality of Andorra
angola:ISO2=AO:ISO3=AGO:name=The Republic of Angola
anguilla:ISO2=AI:ISO3=AIA:name=Anguilla
antarctica:ISO2=AQ:ISO3=ATA:name=Antarctica
antigua and barbuda:ISO2=AG:ISO3=ATG:name=Antigua and Barbuda
argentina:ISO2=AR:ISO3=ARG:name=The Argentine Republic
armenia:ISO2=AM:ISO3=ARM:name=The Republic of Armenia
aruba:ISO2=AW:ISO3=ABW:name=Aruba
australia:ISO2=AU:ISO3=AUS:name=The Commonwealth of Australia
austria:ISO2=AT:ISO3=AUT:name=Austria
azerbaijan:ISO2=AZ:ISO3=AZE:name=The Republic of Azerbaijan
bahamas:ISO2=BS:ISO3=BHS:name=The Commonwealth of The Bahamas
bahrain:ISO2=BH:ISO3=BHR:name=The Kingdom of Bahrain
bangladesh:ISO2=BD:ISO3=BGD:name=The People's Republic of Bangladesh
barbados:ISO2=BB:ISO3=BRB:name=Barbados
belarus:ISO2=BY:ISO3=BLR:name=The Republic of Belarus
belgium:ISO2=BE:ISO3=BEL:name=The Kingdom of Belgium
belize:ISO2=BZ:ISO3=BLZ:name=Belize
benin:ISO2=BJ:ISO3=BEN:name=The Republic of Benin
bermuda:ISO2=BM:ISO3=BMU:name=Bermuda
bhutan:ISO2=BT:ISO3=BTN:name=The Kingdom of Bhutan
bolivia:ISO2=BO:ISO3=BOL:name=The Plurinational State of Bolivia
bonaire:ISO2=BQ:ISO3=BES:name=Bonaire, Sint Eustatius and Saba
sint eustatius:ISO2=BQ:ISO3=BES:name=Bonaire, Sint Eustatius and Saba
saba:ISO2=BQ:ISO3=BES:name=Bonaire, Sint Eustatius and Saba
bonaire, sint eustatius and saba:ISO2=BQ:ISO3=BES:name=Bonaire, Sint Eustatius and Saba
bosnia:ISO2=BA:ISO3=BIH:name=Bosnia and Herzegovina
bosnia and herzegovina:ISO2=BA:ISO3=BIH:name=Bosnia and Herzegovina
botswana:ISO2=BW:ISO3=BWA:name=The Republic of Botswana
bouvet island:ISO2=BV:ISO3=BVT:name=Bouvet Island
brazil:ISO2=BR:ISO3=BRA:name=The Federative Republic of Brazil
britain:ISO2=UK:ISO3=GBR:name=The United Kingdom of Great Britain and Northern Ireland
british isles:ISO2=UK:ISO3=GBR:name=The United Kingdom of Great Britain and Northern Ireland
british indian ocean territory:ISO2=IO:ISO3=IOT:name=The British Indian Ocean Territory
british virgin islands:ISO2=VG:ISO3=VGB:name=The Virgin Islands
brunei:ISO2=BN:ISO3=BRN:name=The Nation of Brunei, the Abode of Peace
brunei darussalam:ISO2=BN:ISO3=BRN:name=The Nation of Brunei, the Abode of Peace
bulgaria:ISO2=BG:ISO3=BGR:name=The Republic of Bulgaria
burkina faso:ISO2=BF:ISO3=BFA:name=Burkina Faso
burma:ISO2=MM:ISO3=MMR:name=The Republic of the Union of Myanmar
burundi:ISO2=BI:ISO3=BDI:name=The Republic of Burundi
cabo verde:ISO2=CV:ISO3=CPV:name=The Republic of Cabo Verde
cambodia:ISO2=KH:ISO3=KHM:name=The Kingdom of Cambodia
cameroon:ISO2=CM:ISO3=CMR:name=The Republic of Cameroon
canada:ISO2=CA:ISO3=CAN:name=Canada
cape verde:ISO2=CV:ISO3=CPV:name=The Republic of Cabo Verde
caribbean netherlands:ISO2=BQ:ISO3=BES:name=Bonaire, Sint Eustatius and Saba
cayman islands:ISO2=KY:ISO3=CYM:name=The Cayman Islands
central african republic:ISO2=CF:ISO3=CAF:name=The Central African Republic
chad:ISO2=TD:ISO3=TCD:name=The Republic of Chad
chile:ISO2=CL:ISO3=CHL:name=The Republic of Chile
china:ISO2=CN:ISO3=CHN:name=The People's Republic of China
christmas island:ISO2=CX:ISO3=CXR:name=The Territory of Christmas Isalnd
cocos:ISO2=CC:ISO3=CCK:name=The Territory of Cocos (Keeling) Islands
cocos islands:ISO2=CC:ISO3=CCK:name=The Territory of Cocos (Keeling) Islands
cocos (keeling) islands:ISO2=CC:ISO3=CCK:name=The Territory of Cocos (Keeling) Islands
colombia:ISO2=CO:ISO3=COL:name=The Republic of Colombia
comoros:ISO2=KM:ISO3=COM:name=The Union of the Comoros
democratic replic of the congo:ISO2=CD:ISO3=COD:name=The Democratic Republic of the Congo
congo:ISO2=CG:ISO3=CDG:name=The Republic of the Congo
cook islands:ISO2=CK:ISO3=COK:name=The Cook Islands
costa rica:ISO2=CR:ISO3=CRI:name=The Republic of Costa Rica
côte d'ivoire:ISO2=CI:ISO3=CIV:name=The Republic of Côte d'Ivoire
croatia:ISO2=HR:ISO3=HRV:name=The Republic of Croatia
cuba:ISO2=CU:ISO3=CUB:name=The Republic of Cuba
curaçao:ISO2=CW:ISO3=CUW:name=The Country of Curaçao
cyprus:ISO2=CY:ISO3=CYP:name=The Republic of Cyprus
czech republic:ISO2=CZ:ISO3=CZE:name=The Czech Republic
czechia:ISO2=CZ:ISO3=CZE:name=The Czech Republic
denmark:ISO2=DK:ISO3=DNK:name=The Kingdom of Denmark
djibouti:ISO2=DJ:ISO3=DJI:name=The Republic of Djibouti
dominica:ISO2=DM:ISO3=DMA:name=The Commonwealth of Dominica
dominican republic:ISO2=DO:ISO3=DOM:name=The Dominican Republic
east timor:ISO2=TL:ISO3=TLS:name=The Democratic Republic of Timor-Leste
ecuador:ISO2=EC:ISO3=ECU:name=The Republic of Ecuador
egypt:ISO2=EG:ISO3=EGY:name=The Arab Republic of Egypt
el salvador:ISO2=SV:ISO3=SLV:name=The Republic of El Salvador
emirates:ISO2=AE:ISO3=ARE:name=The United Arab Emirates
england:ISO2=GB:ISO3=GBR:name=The United Kingdom of Great Britain and Northern Ireland
equatorial guinea:ISO2=GQ:ISO3=GNQ:name=The Republic of Equatorial Guinea
eritrea:ISO2=ER:ISO3=ERI:name=The State of Eritrea
estonia:ISO2=EE:ISO3=EST:name=The Republic of Estonia
eswatini:ISO2=SZ:ISO3=SWZ:name=The Kingdom of Eswatini
ethiopia:ISO2=ET:ISO3=ETH:name=The Federal Democratic Republic of Ethiopia
falkland islands:ISO2=FK:ISO3=FLK:name=The Falkland Islands
faroe islands:ISO2=FO:ISO3=FRO:name=The Faroe Islands
federated states of micronesia:ISO2=FM:ISO3=FSM:name=The Federated States of Micronesia
fiji:ISO2=FJ:ISO3=FJI:name=The Republic of Fiji
finland:ISO2=FI:ISO3=FIN:name=The Republic of Finland
france:ISO2=FR:ISO3=FRA:name=The French Republic
french guiana:ISO2=GF:ISO3=GUF:name=Guyane
french polynesia:ISO2=PF:ISO3=PYF:name=French Polynesia
french southern and antarctic lands:ISO2=TF:ISO3=ATF:name=The French Southern and Antarctic Lands
french southern territories:ISO2=TF:ISO3=ATF:name=The French Southern and Antarctic Lands
gabon:ISO2=GA:ISO3=GAB:name=The Gabonese Republic
gabonese republic:ISO2=GA:ISO3=GAB:name=The Gabonese Republic
gambia:ISO2=GM:ISO3=GMB:name=The Republic of The Gambia
georgia:ISO2=GE:ISO3=GEO:name=Georgia
germany:ISO2=DE:ISO3=DEU:name=The Federal Republic of Germany
ghana:ISO2=GH:ISO3=GHA:name=The Republic of Ghana
gibraltar:ISO2=GI:ISO3=GIB:name=Gibraltar
great britain:ISO2=GB:ISO3=GBR:name=The United Kingdom of Great Britain and Northern Ireland
greece:ISO2=GR:ISO3=GRC:name=The Hellenic Republic
greenland:ISO2=GL:ISO3=GRL:name=Kalaallit Nunaat
grenada:ISO2=GD:ISO3=GRD:name=Grenada
guadeloupe:ISO2=GP:ISO3=GLP:name=Guadeloupe
guam:ISO2=GU:ISO3=GUM:name=The Territory of Guam
guatemala:ISO2=GT:ISO3=GTM:name=The Republic of Guatemala
guernsey:ISO2=GG:ISO3=GGY:name=The Bailiwick of Guernsey
guinea:ISO2=GN:ISO3=GIN:name=The Republic of Guinea
guinea-bissau:ISO2=GW:ISO3=GNB:name=The Republic of Guinea-Bissau
guinea bissau:ISO2=GW:ISO3=GNB:name=The Republic of Guinea-Bissau
guyana:ISO2=GY:ISO3=GUY:name=The Co-operative Republic of Guyana
guyane:ISO2=GF:ISO3=GUF:name=Guyane
haiti:ISO2=HT:ISO3=HTI:name=The Republic of Haiti
hellenic republic:ISO2=GR:ISO3=GRC:name=The Hellenic Republic
holy see:ISO2=VA:ISO3=VAT:name=The Holy See
heard island:ISO2=HM:ISO3=HMD:name=The Territory of Heard Island and McDonald Islands
mcdonald islands:ISO2=HM:ISO3=HMD:name=The Territory of Heard Island and McDonald Islands
heard island and mcdonald islands:ISO2=HM:ISO3=HMD:name=The Territory of Heard Island and McDonald Islands
holland:ISO2=NL:ISO3=NLD:name=The Kingdom of the Netherlands
honduras:ISO2=HN:ISO3=HND:name=The Republic of Honduras
hong kong:ISO2=HK:ISO3=HKG:name=The Hong Kong Special Administrative Region of China
hongkong:ISO2=HK:ISO3=HKG:name=The Hong Kong Special Administrative Region of China
hungary:ISO2=HU:ISO3=HUN:name=Hungary
iceland:ISO2=IS:ISO3=ISL:name=Iceland
india:ISO2=IN:ISO3=IND:name=The Republic of India
indonesia:ISO2=ID:ISO3=IDN:name=The Republic of Indonesia
iran:ISO2=IR:ISO3=IRN:name=The Islamic Republic of Iran
iraq:ISO2=IQ:ISO3=IRQ:name=The Republic of Iraq
irak:ISO2=IQ:ISO3=IRQ:name=The Republic of Iraq
ireland:ISO2=IE:ISO3=IRL:name=Ireland
isle of man:ISO2=IM:ISO3=IMN:name=The Isle of Man
israel:ISO2=IL:ISO3=ISR:name=The State of Israel
italy:ISO2=IT:ISO3=ITA:name=The Italian Republic
ivory coast:ISO2=CI:ISO3=CIV:name=The Republic of Côte d'Ivoire
jamaica:ISO2=JM:ISO3=JAM:name=Jamaica
jan mayen:ISO2=SJ:ISO3=SJM:name=Svalbard and Jan Mayen
japan:ISO2=JP:ISO3=JPN:name=Japan
jersey:ISO2=JE:ISO3=JEY:name=The Bailiwick of Jersey
jordan:ISO2=JO:ISO3=JOR:name=The Hashemite Kingdom of Jordan
kalaallit nunaat:ISO2=GL:ISO3=GRL:name=Kalaallit Nunaat
kazakhstan:ISO2=KZ:ISO3=KAZ:name=The Republic of Kazakhstan
kazakstan:ISO2=KZ:ISO3=KAZ:name=The Republic of Kazakhstan
kenya:ISO2=KE:ISO3=KEN:name=The Republic of Kenya
kiribati:ISO2=KI:ISO3=KIR:name=The Republic of Kiribati
kuwait:ISO2=KW:ISO3=KWT:name=The State of Kuwait
kyrgyzstan:ISO2=KG:ISO3=KGZ:name=The Kyrgyz Republic
kyrgyz republic:ISO2=KG:ISO3=KGZ:name=The Kyrgyz Republic
kirghizistan:ISO2=KG:ISO3=KGZ:name=The Kyrgyz Republic
laos:ISO2=LA:ISO3=LAO:name=The Lao People's Democratic Republic
lao people's democratic republic:ISO2=LA:ISO3=LAO:name=The Lao People's Democratic Republic
latvia:ISO2=LV:ISO3=LVA:name=The Republic of Latvia
lebanon:ISO2=LB:ISO3=LBN:name=The Lebanese Republic
lebanese republic:ISO2=LB:ISO3=LBN:name=The Lebanese Republic
lesotho:ISO2=LS:ISO3=LSO:name=The Kingdom of Lesotho
liberia:ISO2=LR:ISO3=LBR:name=The Republic of Liberia
libya:ISO2=LY:ISO3=LBY:name=Libya
liechtenstein:ISO2=LI:ISO3=LIE:name=The Principality of Liechtenstein
lithuania:ISO2=LT:ISO3=LTU:name=The Republic of Lithuania
luxembourg:ISO2=LU:ISO3=LUX:name=The Grand Duchy of Luxembourg
macao:ISO2=MO:ISO3=MAC:name=Macao Special Administrative Region of China
macau:ISO2=MO:ISO3=MAC:name=Macao Special Administrative Region of China
north macedonia:ISO2=MK:ISO3=MKD:name=Republic of North Macedonia
former yugoslav republic of macedonia:ISO2=MK:ISO3=MKD:name=Republic of North Macedonia
madagascar:ISO2=MG:ISO3=MDG:name=The Republic of Madagascar
malawi:ISO2=MW:ISO3=MWI:name=The Republic of Malawi
malaysia:ISO2=MY:ISO3=MYS:name=Malaysia
maldives:ISO2=MV:ISO3=MDV:name=The Republic of Maldives
mali:ISO2=ML:ISO3=MLI:name=The Republic of Mali
malta:ISO2=MT:ISO3=MLT:name=The Republic of Malta
malvinas:ISO2=FK:ISO3=FLK:name=The Falkland Islands
marshall islands:ISO2=MH:ISO3=MHL:name=The Republic of the Marshall Islands
martinique:ISO2=MQ:ISO3=MTQ:name=Martinique
mauritania:ISO2=MR:ISO3=MRT:name=The Islamic Republic of Mauritania
mauritius:ISO2=MU:ISO3=MUS:name=The Republic of Mauritius
mayotte:ISO2=YT:ISO3=MYT:name=The Department of Mayotte
mexico:ISO2=MX:ISO3=MEX:name=The United Mexican States
micronesia:ISO2=FM:ISO3=FSM:name=The Federated States of Micronesia
moldova:ISO2=MD:ISO3=MDA:name=The Republic of Moldova
monaco:ISO2=MC:ISO3=MCO:name=The Principality of Monaco
mongolia:ISO2=MN:ISO3=MNG:name=The State of Mongolia
montenegro:ISO2=ME:ISO3=MNE:name=Montenegro
montserrat:ISO2=MS:ISO3=MSR:name=Montserrat
morocco:ISO2=MA:ISO3=MAR:name=The Kingdom of Morocco
mozambique:ISO2=MZ:ISO3=MOZ:name=The Republic of Mozambique
myanmar:ISO2=MM:ISO3=MMR:name=The Republic of the Union of Myanmar
namibia:ISO2=NA:ISO3=NAM:name=The Republic of Namibia
namibie:ISO2=NA:ISO3=NAM:name=The Republic of Namibia
nauru:ISO2=NR:ISO3=NRU:name=The Republic of Nauru
nepal:ISO2=NP:ISO3=NPL:name=The Federal Democratic Republic of Nepal
netherlands:ISO2=NL:ISO3=NLD:name=The Kingdom of the Netherlands
new caledonia:ISO2=NC:ISO3=NCL:name=New Caledonia
new zealand:ISO2=NZ:ISO3=NZL:name=New Zealand
nicaragua:ISO2=NI:ISO3=NIC:name=The Republic of Nicaragua
niger:ISO2=NE:ISO3=NER:name=The Republic of Niger
nigeria:ISO2=NG:ISO3=NGA:name=The Federal Republic of Nigeria
niue:ISO2=NU:ISO3=NIU:name=Niue
norfolk island:ISO2=NF:ISO3=NFK:name=The Territory of Norfolk Island
north korea:ISO2=KP:ISO3=PRK:name=The Democratic People's Republic of Korea
n. korea:ISO2=KP:ISO3=PRK:name=The Democratic People's Republic of Korea
n korea:ISO2=KP:ISO3=PRK:name=The Democratic People's Republic of Korea
norther ireland:ISO2=UK:ISO3=GBR:name=The United Kingdom of Great Britain and Northern Ireland
northern nariana islands:ISO2=MP:ISO3=MNP:name=The Commonwealth of the Northern Mariana Islands
norway:ISO2=NO:ISO3=NOR:name=The Kingdom of Norway
oman:ISO2=OM:ISO3=OMN:name=The Sultanate of Oman
pakistan:ISO2=PK:ISO3=PAK:name=The Islamic Republic of Pakistan
palau:ISO2=PW:ISO3=PLW:name=The Republic of Palau
palestine:ISO2=PS:ISO3=PSE:name=The State of Palestine
panama:ISO2=PA:ISO3=PAN:name=The Republic of Panamá
panamá:ISO2=PA:ISO3=PAN:name=The Republic of Panamá
papua new guinea:ISO2=PG:ISO3=PNG:name=The Independent State of Papua New Guinea
paraguay:ISO2=PY:ISO3=PRY:name=The Republic of Paraguay
peru:ISO2=PE:ISO3=PER:name=The Republic of Perú
perú:ISO2=PE:ISO3=PER:name=The Republic of Perú
philippines:ISO2=PH:ISO3=PHL:name=The Republic of the Philippines
pitcairn:ISO2=PN:ISO3=PCN:name=The Pitcaird, Henderson, Ducie and Oeno Islands
poland:ISO2=PL:ISO3=POL:name=The Republic of Poland
portugal:ISO2=PT:ISO3=PRT:name=The Portuguese Republic
portuguese republic:ISO2=PT:ISO3=PRT:name=The Portuguese Republic
puerto rico:ISO2=PR:ISO3=PRI:name=The Commonwealth of Puerto Rico
qatar:ISO2=QA:ISO3=QAT:name=The State of Qatar
republic of china:ISO2=TW:ISO3=TWN:name=The Republic of China
republic of korea:ISO2=KR:ISO3=KOR:name=The Republic of Korea
réunion:ISO2=RE:ISO3=REU:name=Réunion
reunion:ISO2=RE:ISO3=REU:name=Réunion
romania:ISO2=RO:ISO3=ROU:name=Romania
russia:ISO2=RU:ISO3=RUS:name=The Russian Federation
russian federation:ISO2=RU:ISO3=RUS:name=The Russian Federation
rwanda:ISO2=RW:ISO3=RWA:name=The Republic of Rwanda
sahrawi arab democratic republic:ISO2=EH:ISO3=ESH:name=The Sahrawi Arab Democratic Republic
saint barthélemy:ISO2=BL:ISO3=BLM:name=The Collectivity of Saint-Barthélemy
saint barthelemy:ISO2=BL:ISO3=BLM:name=The Collectivity of Saint-Barthélemy
saint-barthélemy:ISO2=BL:ISO3=BLM:name=The Collectivity of Saint-Barthélemy
saint-barthelemy:ISO2=BL:ISO3=BLM:name=The Collectivity of Saint-Barthélemy
saint helena:ISO2=SH:ISO3=SHN:name=Saint Helena, Ascension and Tristan da Cunha
ascension island:ISO2=SH:ISO3=SHN:name=Saint Helena, Ascension and Tristan da Cunha
tristan da cunha:ISO2=SH:ISO3=SHN:name=Saint Helena, Ascension and Tristan da Cunha
saint helena, ascension and tristan da cunha:ISO2=SH:ISO3=SHN:name=Saint Helena, Ascension and Tristan da Cunha
saint kitts and nevis:ISO2=KN:ISO3=KNA:name=Saint Kitts and Nevis
saint lucia:ISO2=LC:ISO3=LCA:name=Saint Lucia
saint martin:ISO2=MF:ISO3=MAF:name=The Collectivity of Saint-Martin
saint-martin:ISO2=MF:ISO3=MAF:name=The Collectivity of Saint-Martin
saint pierre and miquelon:ISO2=PM:ISO3=SPM:name=The Overseas Collectivity of Saint-Pierre and Miquelon
saint-pierre and miquelon:ISO2=PM:ISO3=SPM:name=The Overseas Collectivity of Saint-Pierre and Miquelon
saint vincent and the grenadines:ISO2=VC:ISO3=VCT:name=Saint Vincent and the Grenadines
saint vincent:ISO2=VC:ISO3=VCT:name=Saint Vincent and the Grenadines
grenadines:ISO2=VC:ISO3=VCT:name=Saint Vincent and the Grenadines
samoa:ISO2=WS:ISO3=WSM:name=The Independent State of Samoa
san marino:ISO2=SM:ISO3=SMR:name=The Republic of San Marino
sao tome and principe:ISO2=ST:ISO3=STP:name=The Democratic Republic of São Tomé and Príncipe
são tomé and principe:ISO2=ST:ISO3=STP:name=The Democratic Republic of São Tomé and Príncipe
saudi arabia:ISO2=SA:ISO3=SAU:name=The Kingdom of Saudia Arabia
scotland:ISO2=UK:ISO3=GBR:name=The United Kingdom of Great Britain and Northern Ireland
senegal:ISO2=SN:ISO3=SEN:name=The Republic of Senegal
serbia:ISO2=RS:ISO3=SRB:name=The Republic of Serbia
seychelles:ISO2=SC:ISO3=SYC:name=The Republic of the Seychelles
sierra leone:ISO2=SL:ISO3=SLE:name=The Republic of Sierra Leone
singapore:ISO2=SG:ISO3=SGP:name=The Republic of Singapore
sint maarten:ISO2=SX:ISO3=SXM:name=Sint Maarten
slovakia:ISO2=SK:ISO3=SVK:name=The Slovak Republic
slovak republic:ISO2=SK:ISO3=SVK:name=The Slovak Republic
slovenia:ISO2=SI:ISO3=SVN:name=The Republic of Slovenia
solomon islands:ISO2=SB:ISO3=SLB:name=The Solomon Islands
somalia:ISO2=SO:ISO3=SOM:name=The Federal Republic of Somalia
south africa:ISO2=ZA:ISO3=ZAF:name=The Republic of South Africa
south georgia:ISO2=GS:ISO3=SGS:name=South Georgia and the South Sandwich Islands
south sandwich islands:ISO2=GS:ISO3=SGS:name=South Georgia and the South Sandwich Islands
south georgia and the south sandwich islands:ISO2=GS:ISO3=SGS:name=South Georgia and the South Sandwich Islands
south korea:ISO2=KR:ISO3=KOR:name=The Republic of Korea
s. korea:ISO2=KR:ISO3=KOR:name=The Republic of Korea
s korea:ISO2=KR:ISO3=KOR:name=The Republic of Korea
south sudan:ISO2=SS:ISO3=SSD:name=The Republic of South Sudan
spain:ISO2=ES:ISO3=ESP:name=The Kingdom of Spain
sri lanka:ISO2=LK:ISO3=LKA:name=The Democratic Socialist Republic of Sri Lanka
srilanka:ISO2=LK:ISO3=LKA:name=The Democratic Socialist Republic of Sri Lanka
sudan:ISO2=SD:ISO3=SDN:name=The Republic of Sudan
surinam:ISO2=SR:ISO3=SUR:name=The Republic of Suriname
suriname:ISO2=SR:ISO3=SUR:name=The Republic of Suriname
svalbard:ISO2=SJ:ISO3=SJM:name=Svalbard and Jan Mayen
svalbard and jan mayen:ISO2=SJ:ISO3=SJM:name=Svalbard and Jan Mayen
swaziland:ISO2=SZ:ISO3=SWZ:name=The Kingdom of Eswatini
sweden:ISO2=SE:ISO3=SWE:name=The Kingdom of Sweden
switzerland:ISO2=CH:ISO3=CHE:name=The Swiss Confederation
swiss confederation:ISO2=CH:ISO3=CHE:name=The Swiss Confederation
syria:ISO2=SY:ISO3=SYR:name=The Syrian Arab Republic
syrian arab republic:ISO2=SY:ISO3=SYR:name=The Syrian Arab Republic
taiwan:ISO2=TW:ISO3=TWN:name=The Republic of China
tajikistan:ISO2=TJ:ISO3=TJK:name=The Republic of Tajikistan
tanzania:ISO2=TZ:ISO3=TZA:name=The United Republic of Tanzania
thailand:ISO2=TH:ISO3=THA:name=The Kingdom of Thailand
timor-leste:ISO2=TL:ISO3=TLS:name=The Democratic Republic of Timor-Leste
timor leste:ISO2=TL:ISO3=TLS:name=The Democratic Republic of Timor-Leste
togo:ISO2=TG:ISO3=TGO:name=The Togolese Republic
togolese republic:ISO2=TG:ISO3=TGO:name=The Togolese Republic
tokelau:ISO2=TK:ISO3=TKL:name=Tokelau
tonga:ISO2=TO:ISO3=TON:name=The Kingdom of Tonga
trinidad:ISO2=TT:ISO3=TTO:name=The Republic of Trinidad and Tobago
tobago:ISO2=TT:ISO3=TTO:name=The Republic of Trinidad and Tobago
trinidad and tobago:ISO2=TT:ISO3=TTO:name=The Republic of Trinidad and Tobago
tunisia:ISO2=TN:ISO3=TUN:name=The Republic of Tunisia
turkey:ISO2=TR:ISO3=TUR:name=The Republic of Turkey
turkmenistan:ISO2=TM:ISO3=TKM:name=Turkmenistan
turks and caicos islands:ISO2=TC:ISO3=TCA:name=The Turks and Caicos Islands
turks and caicos:ISO2=TC:ISO3=TCA:name=The Turks and Caicos Islands
tuvalu:ISO2=TV:ISO3=TUV:name=Tuvalu
uganda:ISO2=UG:ISO3=UGA:name=The Republic of Uganda
ukraine:ISO2=UA:ISO3=UKR:name=Ukraine
united arab emirates:ISO2=AE:ISO3=ARE:name=The United Arab Emirates
uae:ISO2=AE:ISO3=ARE:name=The United Arab Emirates
u.a.e.:ISO2=AE:ISO3=ARE:name=The United Arab Emirates
uk:ISO2=UK:ISO3=GBR:name=The United Kingdom of Great Britain and Northern Ireland
u k:ISO2=UK:ISO3=GBR:name=The United Kingdom of Great Britain and Northern Ireland
u.k.:ISO2=UK:ISO3=GBR:name=The United Kingdom of Great Britain and Northern Ireland
united kingdom:ISO2=UK:ISO3=GBR:name=The United Kingdom of Great Britain and Northern Ireland
united kingdom of great britain and northern ireland:ISO2=UK:ISO3=GBR:name=The United Kingdom of Great Britain and Northern Ireland
united states of america:ISO2=US:ISO3=USA:name=The United States of America
united states:ISO2=US:ISO3=USA:name=The United States of America
us:ISO2=US:ISO3=USA:name=The United States of America
usa:ISO2=US:ISO3=USA:name=The United States of America
u s:ISO2=US:ISO3=USA:name=The United States of America
u.s.:ISO2=US:ISO3=USA:name=The United States of America
u s a:ISO2=US:ISO3=USA:name=The United States of America
u.s.a.:ISO2=US:ISO3=USA:name=The United States of America
united states virgin islands:ISO2=VG:ISO3=VGB:name=The Virgin Islands
us virgin islands:ISO2=VG:ISO3=VGB:name=The Virgin Islands
uruguay:ISO2=UY:ISO3=URY:name=The Oriental Republic of Uruguay
uzbekistan:ISO2=UZ:ISO3=UZB:name=The Republic of Uzbekistan
vanuatu:ISO2=VU:ISO3=VUT:name=The Republic of Vanuatu
vatican:ISO2=VA:ISO3=VAT:name=The Holy See
vatican city:ISO2=VA:ISO3=VAT:name=The Holy See
venezuela:ISO2=VE:ISO3=VEN:name=The Bolivarian Republic of Venezuela
vietnam:ISO2=VN:ISO3=VNM:name=The Socialist Republic of Viet Nam
viet nam:ISO2=VN:ISO3=VNM:name=The Socialist Republic of Viet Nam
virgin islands:ISO2=VG:ISO3=VGB:name=The Virgin Islands
wales:ISO2=UK:ISO3=GBR:name=The United Kingdom of Great Britain and Northern Ireland
wallis & futuna:ISO2=WF:ISO3=WLF:name=The Territory of the Wallis and Futuna Islands
wallis and futuna:ISO2=WF:ISO3=WLF:name=The Territory of the Wallis and Futuna Islands
western sahara:ISO2=EH:ISO3=ESH:name=The Sahrawi Arab Democratic Republic
yemen:ISO2=YE:ISO3=YEM:name=The Republic of Yemen
zambia:ISO2=ZM:ISO3=ZMB:name=The Republic of Zambia
zimbabwe:ISO2=ZW:ISO3=ZWE:name=The Republic of Zimbabwe
